// Jest Snapshot v1, https://goo.gl/fbAQLP

exports[`renders correctly 1`] = `
<View
  style={
    Object {
      "marginBottom": 16,
      "paddingHorizontal": 20,
    }
  }
>
  <Text
    style={
      Object {
        "fontSize": 18,
        "fontWeight": "600",
        "marginBottom": 4,
      }
    }
  />
  <TextInput
    onChangeText={[Function]}
    placeholder="Write your answer"
    style={
      Object {
        "borderBottomColor": "#aaa",
        "borderBottomWidth": 1,
        "marginTop": 4,
      }
    }
  />
</View>
`;
