// Jest Snapshot v1, https://goo.gl/fbAQLP

exports[`renders correctly 1`] = `
<View
  accessible={true}
  collapsable={false}
  focusable={false}
  onClick={[Function]}
  onResponderGrant={[Function]}
  onResponderMove={[Function]}
  onResponderRelease={[Function]}
  onResponderTerminate={[Function]}
  onResponderTerminationRequest={[Function]}
  onStartShouldSetResponder={[Function]}
  style={
    Object {
      "alignItems": "center",
      "backgroundColor": "#4db6ac",
      "borderRadius": 8,
      "height": 40,
      "justifyContent": "center",
      "opacity": 1,
      "width": "60%",
    }
  }
>
  <Text
    style={
      Array [
        Object {
          "color": "#fff",
          "fontWeight": "600",
        },
        Object {},
      ]
    }
  />
</View>
`;
